\BOOKMARK [0][-]{chapter*.1}{\376\377\000E\000h\000r\000e\000n\000w\000"\000o\000r\000t\000l\000i\000c\000h\000e\000\040\000E\000r\000k\000l\000"\000a\000r\000u\000n\000g}{}% 1
\BOOKMARK [0][-]{chapter.1}{\376\377\000C\000u\000s\000t\000o\000m\000\040\000E\000l\000e\000m\000e\000n\000t\000s}{}% 2
\BOOKMARK [1][-]{section*.2}{\376\377\000E\000i\000n\000f\000\374\000h\000r\000u\000n\000g}{chapter.1}% 3
\BOOKMARK [1][-]{section*.3}{\376\377\000N\000e\000u\000e\000\040\000E\000l\000e\000m\000e\000n\000t\000e\000\040\000r\000e\000g\000i\000s\000t\000r\000i\000e\000r\000e\000n}{chapter.1}% 4
\BOOKMARK [1][-]{section*.4}{\376\377\000V\000o\000r\000t\000e\000i\000l\000e\000\040\000v\000o\000n\000\040\000C\000u\000s\000t\000o\000m\000\040\000E\000l\000e\000m\000e\000n\000t\000s}{chapter.1}% 5
\BOOKMARK [2][-]{section*.5}{\376\377\000N\000a\000c\000h\000t\000e\000i\000l}{section*.4}% 6
\BOOKMARK [1][-]{section*.6}{\376\377\000V\000o\000r\000h\000a\000n\000d\000e\000n\000e\000\040\000E\000l\000e\000m\000e\000n\000t\000e\000\040\000e\000r\000w\000e\000i\000t\000e\000r\000n\000\040\000\050\000T\000y\000p\000e\000\040\000e\000x\000t\000e\000n\000s\000i\000o\000n\000s\000\051}{chapter.1}% 7
\BOOKMARK [2][-]{section*.7}{\376\377\000V\000e\000r\000w\000e\000n\000d\000u\000n\000g\000\040\000b\000e\000i\000\040\000G\000i\000t\000h\000u\000b}{section*.6}% 8
\BOOKMARK [1][-]{section*.8}{\376\377\000E\000i\000g\000e\000n\000s\000c\000h\000a\000f\000t\000e\000n\000\040\000u\000n\000d\000\040\000M\000e\000t\000h\000o\000d\000e\000n\000\040\000d\000e\000f\000i\000n\000i\000e\000r\000e\000n}{chapter.1}% 9
\BOOKMARK [1][-]{section*.9}{\376\377\000C\000u\000s\000t\000o\000m\000\040\000E\000l\000e\000m\000e\000n\000t\000\040\000L\000i\000f\000e\000\040\000C\000y\000c\000l\000e\000\040\000C\000a\000l\000l\000b\000a\000c\000k\000s\000\040\000-\000\040\000T\000O\000D\000O\000?}{chapter.1}% 10
\BOOKMARK [2][-]{section*.14}{\376\377\000B\000e\000i\000s\000p\000i\000e\000l\000\040\000m\000i\000t\000\040\000b\000u\000t\000t\000o\000n\000-\000e\000x\000t\000e\000n\000d\000e\000d}{section*.9}% 11
\BOOKMARK [1][-]{section*.15}{\376\377\000S\000t\000y\000l\000i\000n\000g\000\040\000v\000o\000n\000\040\000C\000u\000s\000t\000o\000m\000\040\000E\000l\000e\000m\000e\000n\000t\000s}{chapter.1}% 12
\BOOKMARK [1][-]{section*.16}{\376\377\000B\000r\000o\000w\000s\000e\000r\000u\000n\000t\000e\000r\000s\000t\000\374\000t\000z\000u\000n\000g}{chapter.1}% 13
\BOOKMARK [1][-]{section*.17}{\376\377\000Q\000u\000e\000l\000l\000e\000n}{chapter.1}% 14
\BOOKMARK [0][-]{chapter.2}{\376\377\000W\000a\000s\000\040\000a\000n\000d\000e\000r\000e\000s}{}% 15
